I will start by listing the files in the current directory to understand the project structure.
I will check the `.pytest.ini` and `package.json` files to understand how to run tests in this project.
I will list the contents of the `tests` directory to understand what tests are available.
